=== cmd 0: [config set ns testing] ===
✓ Set namespace to: testing
📁 config saved to: .treb/config.local.json


=== cmd 1: [config] ===
📋 Current config:
Namespace: testing
Network:   (not set)

📦 Config source: treb.toml
📁 config file: .treb/config.local.json

🔑 Senders:
  anvil     private_key   (literal key)
  governor  oz_governor   ${GOVERNOR_ADDRESS}
