=== cmd 0: [list] ===
   ◎ namespace:   DEFAULT                       
└─ ⛓ chain:       31337                         
  
  SINGLETONS
  Counter (v<VERSION>)           0x74148047D6bDf624C94eFc07F60cEE7b6052FB29   🅔 ? 🅢 ?         <TIMESTAMP>   
  SampleToken (token-v1)     0x793f69C1702a0E900a142D8575E44F9E4DA86fFf   🅔 ? 🅢 ?         <TIMESTAMP>   

Total deployments: 2
