  (
  	"""
  	... // 2 identical lines
  	🚀 Running Deployment Script
  	──────────────────────────────────────────────────
- 	  Script:    DeployCounter.s.sol
- 	  Network:   anvil-31337
+ 	  Script:    DeployCounter
+ 	  Network:   anvil-31337 (31337)
  	  Namespace: default
  	  Mode:      LIVE
+ 	  Senders:   [anvil]
  	──────────────────────────────────────────────────
  	
  	... // 3 identical lines
  	executed  anvil → CreateX::deployCreate3(salt: 0xf39fd6e5..., initCode: 0x60806040...)
  	├─ create2(16 bytes)
- 	│  └─ [return] 0xDaFaC68f7D2133e3CE0229fAddcd2b1C96D8Eb83
- 	├─ Create3ProxyContractCreation(newContract: 0xDaFa...Eb83, salt: 0x78714809...)
- 	├─ 0xDaFaC68f...::0x60806040...
+ 	│  └─ [return] 0x74148047...
+ 	├─ Create3ProxyContractCreation(newContract: 0x74148047..., salt: 0xf39fd6e5...)
+ 	├─ 0x74148047...::0x60806040...
  	│  └─ 🚀 new Counter()
  	│     └─ [return] 0x74148047D6bDf624C94eFc07F60cEE7b6052FB29
- 	└─ ContractCreation(newContract: Counter: [0x74148047D6bDf624C...)
+ 	└─ ContractCreation(newContract: Counter: [0x74148047...)
  	└─ Tx: 0x<HASH> | Block: 1 | Gas: 197581
  	
  	... // 9 identical lines
  	✓ Updated registry for anvil-31337 network in namespace default
  	✓ Script execution completed successfully
- 	Warning: Could not check treb-sol version: failed to get current commit: failed to get submodule status: exit status 1
  	
  	
  	... // 17 identical lines
  	  Type: SINGLETON
  	  Namespace: default
- 	  Network: anvil-31337 (chain ID: 31337)
+ 	  Network: 31337
  	
  	Deployment Strategy:
  	... // 26 identical lines
  	"""
  )
