  (
  	"""
  	... // 16 identical lines
  	  "tx-<ID>": {
  	    "id": "tx-<ID>",
- 	    "chainId": 31338,
- 	    "hash": "0x54dfe121b2f3ec6acc721ea93dbabf37ab3b3d22b01ac893738c5ce5a9d4c47a",
+ 	    "chainId": 31337,
+ 	    "hash": "0x8635f7033e1e77011075423a018fa39e35cc3f4f3842e64666027e9f4d75ec65",
  	    "status": "EXECUTED",
  	    "blockNumber": 2,
  	    "sender": "0xf39Fd6e51aad88F6F4ce6aB8827279cffFb92266",
  	    "nonce": 0,
  	    "deployments": [
- 	      "production/31338/Counter"
+ 	      "production/31337/Counter"
  	    ],
  	    "operations": [],
  	... // 3 identical lines
  	  "tx-<ID>": {
  	    "id": "tx-<ID>",
- 	    "chainId": 31337,
- 	    "hash": "0x83badc47dc1e9d7fb9993dc754618a0893ac0d978e72fa738b69e8207a3bce36",
+ 	    "chainId": 31338,
+ 	    "hash": "0xbbb9d96ccb172fa999081575f6aa06bcfefc9970637ff36a5c8e4cd0b42c5fe6",
  	    "status": "EXECUTED",
  	    "blockNumber": 2,
  	    "sender": "0xf39Fd6e51aad88F6F4ce6aB8827279cffFb92266",
  	    "nonce": 0,
  	    "deployments": [
- 	      "production/31337/Counter"
+ 	      "production/31338/Counter"
  	    ],
  	    "operations": [],
  	... // 20 identical lines
  	"""
  )
