  strings.Join({
  	"=== cmd 0: [gen deploy src/UpgradeableCounter.sol:UpgradeableCou",
  	"nter --proxy] ===\n",
- 	"\x1b[?25l\x1b[2K\rSearch: █\n\x1b[2K\rSelect a proxy contract:\n\x1b[2K\r  * Pr",
- 	"oxyAdmin (lib/openzeppelin-contracts-upgradeable/lib/openzeppeli",
- 	"n-contracts/contracts/proxy/transparent/ProxyAdmin.sol)\n\x1b[2K\r   ",
- 	"  BeaconProxy (lib/openzeppelin-contracts-upgradeable/lib/openze",
- 	"ppelin-contracts/contracts/proxy/beacon/BeaconProxy.sol)\n\x1b[2K\r  ",
- 	"   DeployerUCProxy (script/DeployUCProxy.s.sol)\n\x1b[2K\r     ERC196",
- 	"7Proxy (lib/openzeppelin-contracts-upgradeable/lib/openzeppelin-",
- 	"contracts/contracts/proxy/ERC1967/ERC1967Proxy.sol)\n\x1b[2K\r     Pr",
- 	"oxy (lib/openzeppelin-contracts/contracts/proxy/Proxy.sol)\n\x1b[2K\r",
- 	"     TransparentUpgradeableProxy (lib/openzeppelin-contracts/con",
- 	"tracts/proxy/transparent/TransparentUpgradeableProxy.sol)\n\x1b[2K\r ",
- 	"    ProxyAdmin (lib/openzeppelin-contracts/contracts/proxy/trans",
- 	"parent/ProxyAdmin.sol)\n\x1b[2K\r     Proxy (lib/openzeppelin-contrac",
- 	"ts-upgradeable/lib/openzeppelin-contracts/contracts/proxy/Proxy.",
- 	"sol)\n\x1b[2K\r     ERC1967Proxy (lib/openzeppelin-contracts/contract",
- 	"s/proxy/ERC1967/ERC1967Proxy.sol)\n\x1b[2K\r↓    BeaconProxy (lib/o",
- 	"penzeppelin-contracts/contracts/proxy/beacon/BeaconProxy.sol)\n\x1b[",
- 	"1A\x1b[2K\r\x1b[1A\x1b[2K\r\x1b[1A\x1b[2K\r\x1b[1A\x1b[2K\r\x1b[1A\x1b[2K\r\x1b[1A\x1b[2K\r\x1b[1A\x1b[2K\r\x1b[1",
- 	"A\x1b[2K\r\x1b[1A\x1b[2K\r\x1b[1A\x1b[2K\r\x1b[1A\x1b[2K\r\x1b[1A\x1b[2K\r\x1b[2K\n\x1b[?25hError: sele",
- 	"ction cancelled: ^D\nUsage:\n  treb gen deploy <artifact> [flags]\n",
- 	"\nFlags:\n  -h, --help                    help for deploy\n      --",
- 	"proxy                   Generate proxy deployment script\n      -",
- 	"-proxy-contract string   Specific proxy contract to use (optiona",
- 	"l)\n      --script-path string      Custom path for the generated",
- 	" script\n      --strategy string         Deployment strategy: CRE",
- 	"ATE2 or CREATE3 (default: CREATE3)\n\nGlobal Flags:\n  -s, --namesp",
- 	"ace string   Namespace to use (defaults to current context names",
- 	"pace)",
+ 	"Error: multiple proxy contracts found. Please specify --proxy-co",
+ 	"ntract or run in interactive mode\nUsage:\n  treb gen deploy <arti",
+ 	"fact> [flags]\n\nFlags:\n  -h, --help                    help for d",
+ 	"eploy\n      --proxy                   Generate proxy deployment ",
+ 	"script\n      --proxy-contract string   Specific proxy contract t",
+ 	"o use (optional)\n      --script-path string      Custom path for",
+ 	" the generated script\n      --strategy string         Deployment",
+ 	" strategy: CREATE2 or CREATE3 (default: CREATE3)\n\nGlobal Flags:",
  	... // 55 identical and 1 removed bytes
  }, "")
