=== cmd 0: [gen deploy DoesntExist] ===
Error: No contracts match query: DoesntExist
Usage:
  treb gen deploy <artifact> [flags]

Flags:
  -h, --help                    help for deploy
      --proxy                   Generate proxy deployment script
      --proxy-contract string   Specific proxy contract to use (optional)
      --script-path string      Custom path for the generated script
      --strategy string         Deployment strategy: CREATE2 or CREATE3 (default: CREATE3)

Global Flags:
      --non-interactive   Disable interactive prompts
