{
  "default/31337/StringUtils": {
    "id": "default/31337/StringUtils",
    "namespace": "default",
    "chainId": 31337,
    "contractName": "StringUtils",
    "label": "",
    "address": "0xdD10fA4C0bA77087503D28eEeEbCC6832b625E3C",
    "type": "LIBRARY",
    "transactionId": "tx-<ID>",
    "deploymentStrategy": {
      "method": "CREATE2",
      "salt": "0xf39fd6e51aad88f6f4ce6ab8827279cfffb9226600025d1cfe8c1c98f1d353f0",
      "initCodeHash": "0x9fdaae8a8ba9441fe9d2404acc4e7797a57839680d78bd68a11f68637b04be7f",
      "factory": "0xba5Ed099633D3B313e4D5F7bdc1305d3c28ba5Ed",
      "constructorArgs": "0x",
      "entropy": "default/src/StringUtils.sol:StringUtils"
    },
    "proxyInfo": null,
    "artifact": {
      "path": "src/StringUtils.sol",
      "compilerVersion": "0.8.30+commit.73712a01",
      "bytecodeHash": "0x9fdaae8a8ba9441fe9d2404acc4e7797a57839680d78bd68a11f68637b04be7f",
      "scriptPath": "script/deploy/DeployStringUtils.s.sol",
      "gitCommit": ""
    },
    "verification": {
      "status": "UNVERIFIED"
    },
    "tags": null,
    "createdAt": "<TIMESTAMP>",
    "updatedAt": "<TIMESTAMP>"
  }
}
