{
  "default/31337/Proxy": {
    "id": "default/31337/Proxy",
    "namespace": "default",
    "chainId": 31337,
    "contractName": "Proxy",
    "label": "",
    "address": "0x806ca68527807F59Bf2D513889eC6CbD6139BDFf",
    "type": "PROXY",
    "transactionId": "tx-<ID>",
    "deploymentStrategy": {
      "method": "CREATE3",
      "salt": "0xf39fd6e51aad88f6f4ce6ab8827279cfffb9226600eb2172c14480966679c259",
      "initCodeHash": "0x2fa2e560c23dc9f6c966cd5372d49d54f918448a755a8da2e3ad6d8bfcaecd78",
      "factory": "0xba5Ed099633D3B313e4D5F7bdc1305d3c28ba5Ed",
      "constructorArgs": "0x000000000000000000000000f39fd6e51aad88f6f4ce6ab8827279cfffb92266",
      "entropy": "default/src/Proxy.sol:Proxy"
    },
    "proxyInfo": {
      "type": "UUPS",
      "implementation": "0xcFd84621988A8243EfEd4C30163d85f5dEdE07Ad",
      "history": []
    },
    "artifact": {
      "path": "src/Proxy.sol",
      "compilerVersion": "0.5.17+commit.d19bba13",
      "bytecodeHash": "0xcf992b8cd516eac3b66a46d95c8a7d0377b27bf74e807c8370eb48127988f146",
      "scriptPath": "script/DeployCustomProxy.s.sol",
      "gitCommit": ""
    },
    "verification": {
      "status": "UNVERIFIED"
    },
    "tags": null,
    "createdAt": "<TIMESTAMP>",
    "updatedAt": "<TIMESTAMP>"
  },
  "default/31337/UpgradeableCounter": {
    "id": "default/31337/UpgradeableCounter",
    "namespace": "default",
    "chainId": 31337,
    "contractName": "UpgradeableCounter",
    "label": "",
    "address": "0xcFd84621988A8243EfEd4C30163d85f5dEdE07Ad",
    "type": "SINGLETON",
    "transactionId": "tx-<ID>",
    "deploymentStrategy": {
      "method": "CREATE3",
      "salt": "0xf39fd6e51aad88f6f4ce6ab8827279cfffb92266008833bca0ee959b6584eba6",
      "initCodeHash": "0xfcc1922208e5b41b9e53337bcfbe88b2aac805f91b20464d7c3e90ae9fa5766d",
      "factory": "0xba5Ed099633D3B313e4D5F7bdc1305d3c28ba5Ed",
      "constructorArgs": "0x",
      "entropy": "default/UpgradeableCounter"
    },
    "proxyInfo": null,
    "artifact": {
      "path": "src/UpgradeableCounter.sol",
      "compilerVersion": "0.8.30+commit.73712a01",
      "bytecodeHash": "0xfcc1922208e5b41b9e53337bcfbe88b2aac805f91b20464d7c3e90ae9fa5766d",
      "scriptPath": "script/DeployCustomProxy.s.sol",
      "gitCommit": ""
    },
    "verification": {
      "status": "UNVERIFIED"
    },
    "tags": null,
    "createdAt": "<TIMESTAMP>",
    "updatedAt": "<TIMESTAMP>"
  }
}
