=== cmd 0: [config set namespace production] ===
✅ Set namespace to: production
📁 config saved to: .treb/config.local.json


=== cmd 1: [config] ===
📋 Current config:
Namespace: production
Network:   (not set)

📦 Config source: treb.toml
📁 config file: .treb/config.local.json

🔑 Senders:
  anvil     private_key   (literal key)
  governor  oz_governor   ${GOVERNOR_ADDRESS}
