{
  "default/31337/MathUtils": {
    "id": "default/31337/MathUtils",
    "namespace": "default",
    "chainId": 31337,
    "contractName": "MathUtils",
    "label": "",
    "address": "0xfA6Fb06D6F72d1227e5edD88a7e5B0da8e05550c",
    "type": "LIBRARY",
    "transactionId": "tx-<ID>",
    "deploymentStrategy": {
      "method": "CREATE2",
      "salt": "0xf39fd6e51aad88f6f4ce6ab8827279cfffb9226600cd288ef870d1ca3f54af85",
      "initCodeHash": "0x9d78996ac4b97f154ed9aa9cbf6fb53364a29580e405d99d7149b91f81ea1fae",
      "factory": "0xba5Ed099633D3B313e4D5F7bdc1305d3c28ba5Ed",
      "constructorArgs": "0x",
      "entropy": "default/src/TestWithNewLib.sol:MathUtils"
    },
    "proxyInfo": null,
    "artifact": {
      "path": "src/TestWithNewLib.sol",
      "compilerVersion": "0.8.30+commit.73712a01",
      "bytecodeHash": "0x9d78996ac4b97f154ed9aa9cbf6fb53364a29580e405d99d7149b91f81ea1fae",
      "scriptPath": "script/deploy/DeployMathUtils.s.sol",
      "gitCommit": ""
    },
    "verification": {
      "status": "UNVERIFIED"
    },
    "tags": null,
    "createdAt": "<TIMESTAMP>",
    "updatedAt": "<TIMESTAMP>"
  },
  "default/31337/TestWithNewLib": {
    "id": "default/31337/TestWithNewLib",
    "namespace": "default",
    "chainId": 31337,
    "contractName": "TestWithNewLib",
    "label": "",
    "address": "0x65aB2088Cb7bBA70f99EA2105Ed99525991c2CB4",
    "type": "SINGLETON",
    "transactionId": "tx-<ID>",
    "deploymentStrategy": {
      "method": "CREATE3",
      "salt": "0xf39fd6e51aad88f6f4ce6ab8827279cfffb9226600ec6c51eaf1f1b3e4a499fa",
      "initCodeHash": "0xd583f5f20f1a5f921c5df824566d151230db4132cc4940ef06dfa2674edb315c",
      "factory": "0xba5Ed099633D3B313e4D5F7bdc1305d3c28ba5Ed",
      "constructorArgs": "0x",
      "entropy": "default/src/TestWithNewLib.sol:TestWithNewLib"
    },
    "proxyInfo": null,
    "artifact": {
      "path": "src/TestWithNewLib.sol",
      "compilerVersion": "0.8.30+commit.73712a01",
      "bytecodeHash": "0xd583f5f20f1a5f921c5df824566d151230db4132cc4940ef06dfa2674edb315c",
      "scriptPath": "script/deploy/DeployTestWithNewLib.s.sol",
      "gitCommit": ""
    },
    "verification": {
      "status": "UNVERIFIED"
    },
    "tags": null,
    "createdAt": "<TIMESTAMP>",
    "updatedAt": "<TIMESTAMP>"
  }
}
