{
  "default/31337/MathUtils": {
    "id": "default/31337/MathUtils",
    "namespace": "default",
    "chainId": 31337,
    "contractName": "MathUtils",
    "label": "",
    "address": "0xBdB80E85342D1192f8647ab982Fff0e4Cb895c17",
    "type": "LIBRARY",
    "transactionId": "tx-<ID>",
    "deploymentStrategy": {
      "method": "CREATE2",
      "salt": "0xf39fd6e51aad88f6f4ce6ab8827279cfffb9226600cd288ef870d1ca3f54af85",
      "initCodeHash": "0x366617c364ee8cd0560c8d3ca7ccac29373af8ad5bf0f3293db15d0396285a6b",
      "factory": "0xba5Ed099633D3B313e4D5F7bdc1305d3c28ba5Ed",
      "constructorArgs": "0x",
      "entropy": "default/src/TestWithNewLib.sol:MathUtils"
    },
    "proxyInfo": null,
    "artifact": {
      "path": "src/TestWithNewLib.sol",
      "compilerVersion": "0.8.30+commit.73712a01",
      "bytecodeHash": "0x366617c364ee8cd0560c8d3ca7ccac29373af8ad5bf0f3293db15d0396285a6b",
      "scriptPath": "script/deploy/DeployMathUtils.s.sol",
      "gitCommit": ""
    },
    "verification": {
      "status": "UNVERIFIED"
    },
    "tags": null,
    "createdAt": "<TIMESTAMP>",
    "updatedAt": "<TIMESTAMP>"
  },
  "default/31337/TestWithNewLib": {
    "id": "default/31337/TestWithNewLib",
    "namespace": "default",
    "chainId": 31337,
    "contractName": "TestWithNewLib",
    "label": "",
    "address": "0x65aB2088Cb7bBA70f99EA2105Ed99525991c2CB4",
    "type": "SINGLETON",
    "transactionId": "tx-<ID>",
    "deploymentStrategy": {
      "method": "CREATE3",
      "salt": "0xf39fd6e51aad88f6f4ce6ab8827279cfffb9226600ec6c51eaf1f1b3e4a499fa",
      "initCodeHash": "0x51dbca03848e00824635f860c9203b7f783d3f7b275c762dfe8bbb931b24136a",
      "factory": "0xba5Ed099633D3B313e4D5F7bdc1305d3c28ba5Ed",
      "constructorArgs": "0x",
      "entropy": "default/src/TestWithNewLib.sol:TestWithNewLib"
    },
    "proxyInfo": null,
    "artifact": {
      "path": "src/TestWithNewLib.sol",
      "compilerVersion": "0.8.30+commit.73712a01",
      "bytecodeHash": "0x51dbca03848e00824635f860c9203b7f783d3f7b275c762dfe8bbb931b24136a",
      "scriptPath": "script/deploy/DeployTestWithNewLib.s.sol",
      "gitCommit": ""
    },
    "verification": {
      "status": "UNVERIFIED"
    },
    "tags": null,
    "createdAt": "<TIMESTAMP>",
    "updatedAt": "<TIMESTAMP>"
  }
}
