{
  "default/31337/Counter": {
    "id": "default/31337/Counter",
    "namespace": "default",
    "chainId": 31337,
    "contractName": "Counter",
    "label": "",
    "address": "0x74148047D6bDf624C94eFc07F60cEE7b6052FB29",
    "type": "SINGLETON",
    "transactionId": "tx-<ID>",
    "deploymentStrategy": {
      "method": "CREATE3",
      "salt": "0xf39fd6e51aad88f6f4ce6ab8827279cfffb9226600bc0af06a84bc65cc2a2b7f",
      "initCodeHash": "0x52871868cfdeb8a374a4a2bdb675825c2c173217da5698e2a7a3b8725a41346d",
      "factory": "0xba5Ed099633D3B313e4D5F7bdc1305d3c28ba5Ed",
      "constructorArgs": "0x",
      "entropy": "default/src/Counter.sol:Counter"
    },
    "proxyInfo": null,
    "artifact": {
      "path": "src/Counter.sol",
      "compilerVersion": "0.8.30+commit.73712a01",
      "bytecodeHash": "0x52871868cfdeb8a374a4a2bdb675825c2c173217da5698e2a7a3b8725a41346d",
      "scriptPath": "script/deploy/DeployCounter.s.sol",
      "gitCommit": ""
    },
    "verification": {
      "status": "UNVERIFIED"
    },
    "tags": null,
    "createdAt": "<TIMESTAMP>",
    "updatedAt": "<TIMESTAMP>"
  },
  "production/31337/Counter": {
    "id": "production/31337/Counter",
    "namespace": "production",
    "chainId": 31337,
    "contractName": "Counter",
    "label": "",
    "address": "0x9526cB2eC6e5b9E38b5A6949543417F84cc878d5",
    "type": "SINGLETON",
    "transactionId": "tx-<ID>",
    "deploymentStrategy": {
      "method": "CREATE3",
      "salt": "0xf39fd6e51aad88f6f4ce6ab8827279cfffb9226600d535a44479bfecd16a9d09",
      "initCodeHash": "0x52871868cfdeb8a374a4a2bdb675825c2c173217da5698e2a7a3b8725a41346d",
      "factory": "0xba5Ed099633D3B313e4D5F7bdc1305d3c28ba5Ed",
      "constructorArgs": "0x",
      "entropy": "production/src/Counter.sol:Counter"
    },
    "proxyInfo": null,
    "artifact": {
      "path": "src/Counter.sol",
      "compilerVersion": "0.8.30+commit.73712a01",
      "bytecodeHash": "0x52871868cfdeb8a374a4a2bdb675825c2c173217da5698e2a7a3b8725a41346d",
      "scriptPath": "script/deploy/DeployCounter.s.sol",
      "gitCommit": ""
    },
    "verification": {
      "status": "UNVERIFIED"
    },
    "tags": null,
    "createdAt": "<TIMESTAMP>",
    "updatedAt": "<TIMESTAMP>"
  },
  "staging/31337/Counter": {
    "id": "staging/31337/Counter",
    "namespace": "staging",
    "chainId": 31337,
    "contractName": "Counter",
    "label": "",
    "address": "0x144180Ad5257d58F4AB181af127266Ba3F6Aa042",
    "type": "SINGLETON",
    "transactionId": "tx-<ID>",
    "deploymentStrategy": {
      "method": "CREATE3",
      "salt": "0xf39fd6e51aad88f6f4ce6ab8827279cfffb9226600c854981e8ca81ffe0d79b8",
      "initCodeHash": "0x52871868cfdeb8a374a4a2bdb675825c2c173217da5698e2a7a3b8725a41346d",
      "factory": "0xba5Ed099633D3B313e4D5F7bdc1305d3c28ba5Ed",
      "constructorArgs": "0x",
      "entropy": "staging/src/Counter.sol:Counter"
    },
    "proxyInfo": null,
    "artifact": {
      "path": "src/Counter.sol",
      "compilerVersion": "0.8.30+commit.73712a01",
      "bytecodeHash": "0x52871868cfdeb8a374a4a2bdb675825c2c173217da5698e2a7a3b8725a41346d",
      "scriptPath": "script/deploy/DeployCounter.s.sol",
      "gitCommit": ""
    },
    "verification": {
      "status": "UNVERIFIED"
    },
    "tags": null,
    "createdAt": "<TIMESTAMP>",
    "updatedAt": "<TIMESTAMP>"
  }
}
