=== cmd 0: [run script/deploy/DeployMyToken.s.sol] ===

🚀 Running Deployment Script
──────────────────────────────────────────────────
  Script:    DeployMyToken
  Network:   anvil-31337 (31337)
  Namespace: default
  Mode:      LIVE
  Senders:   [anvil]
──────────────────────────────────────────────────

🔄 Transactions:
──────────────────────────────────────────────────

executed  anvil → CreateX::deployCreate3(salt: 0xf39fd6e5..., initCode: 0x60806040...)
├─ new 0x5bbDAf2ACA03f9417c3104CF2111197abedbD8E8()
│  └─ [return] 0x5bbDAf2ACA03f9417c3104CF2111197abedbD8E8
├─ Create3ProxyContractCreation(newContract: 0x5bbD...D8E8, salt: 0x19f3d64d...)
├─ 0x5bbDAf2ACA03f9417c3104CF2111197abedbD8E8::unknown()
│  └─ 🚀 new MyToken(
│     │    _name:: "",
│     │    _symbol:: "",
│     │    _totalSupply:: 0
│     │  )
│     └─ [return] 0x6c8D83F62F83A8D46F091094BA15B75F35A8E85E
└─ ContractCreation(newContract: MyToken: [0x6c8D83F62F83A8D46...)
   Tx: 0x<HASH> | Block: 1 | Gas: 504534

📦 Deployment Summary:
──────────────────────────────────────────────────
MyToken at 0x6c8D83F62F83A8D46F091094BA15B75F35A8E85E


📝 Script Logs:
────────────────────────────────────────
  Registry: failed to load registry from .treb/registry.json

✓ Updated registry for anvil-31337 network in namespace default
✓ Script execution completed successfully


=== cmd 1: [show MyToken] ===
Deployment: default/31337/MyToken
================================================================================

Basic Information:
  Contract: MyToken
  Address: 0x6c8D83F62F83A8D46F091094BA15B75F35A8E85E
  Type: SINGLETON
  Namespace: default
  Network: 31337

Deployment Strategy:
  Method: CREATE3
  Factory: 0xba5Ed099633D3B313e4D5F7bdc1305d3c28ba5Ed
  Salt: 0xf39fd6e51aad88f6f4ce6ab8827279cfffb9226600b502eb8feed7af152d3bfe
  Entropy: default/src/other/MyToken.sol:MyToken
  Init Code Hash: 0x<HASH>

Artifact Information:
  Path: src/other/MyToken.sol
  Compiler: 0.8.30+commit.73712a01
  Bytecode Hash: 0x<HASH>
  Script: script/deploy/DeployMyToken.s.sol

Verification Status:
  Status: UNVERIFIED

Transaction Information:
  Hash: 0x<HASH>
  Status: EXECUTED
  Sender: 0xf39Fd6e51aad88F6F4ce6aB8827279cffFb92266
  Block: 1

Timestamps:
  Created: <TIMESTAMP>
  Updated: <TIMESTAMP>
