=== cmd 0: [init] ===
✅ Valid Foundry project detected
✅ treb-sol library found
✅ Created v2 registry structure in .treb/
✅ .env.example already exists

🎉 treb initialized successfully!

📋 Next steps:
1. Copy .env.example to .env and configure your deployment keys:
   • Set DEPLOYER_PRIVATE_KEY for your deployment wallet
   • Set RPC URLs for networks you'll deploy to
   • Set API keys for contract verification

2. Configure deployment environments in foundry.toml:
   • Add [profile.staging.deployer] and [profile.production.deployer] sections
   • See documentation for Safe multisig and hardware wallet support

3. Generate your first deployment script:
   treb gen deploy Counter

4. Predict and deploy:
   treb deploy predict Counter --network sepolia
   treb deploy Counter --network sepolia

5. View and manage deployments:
   treb list
   treb show Counter
   treb tag Counter v<VERSION>


=== cmd 1: [gen deploy src/Counter.sol:Counter] ===

✅ Generated deployment script: script/deploy/DeployCounter.s.sol

To deploy, run:
  treb run script/deploy/DeployCounter.s.sol --network <network>


=== cmd 2: [run script/deploy/DeployCounter.s.sol -n anvil-31337] ===

🚀 Running Deployment Script
──────────────────────────────────────────────────
  Script:    DeployCounter
  Network:   anvil-31337 (31337)
  Namespace: default
  Mode:      LIVE
  Senders:   [anvil]
──────────────────────────────────────────────────

🔄 Transactions:
──────────────────────────────────────────────────

executed  anvil → CreateX::deployCreate3(salt: 0xf39fd6e5..., initCode: 0x60806040...)
├─ new 0xDaFaC68f7D2133e3CE0229fAddcd2b1C96D8Eb83()
│  └─ [return] 0xDaFaC68f7D2133e3CE0229fAddcd2b1C96D8Eb83
├─ Create3ProxyContractCreation(newContract: 0xDaFa...Eb83, salt: 0x78714809...)
├─ 0xDaFaC68f7D2133e3CE0229fAddcd2b1C96D8Eb83::unknown()
│  └─ 🚀 new Counter()
│     └─ [return] 0x74148047D6bDf624C94eFc07F60cEE7b6052FB29
└─ ContractCreation(newContract: Counter: [0x74148047D6bDf624C...)
   Tx: 0x<HASH> | Block: 1 | Gas: 185932

📦 Deployment Summary:
──────────────────────────────────────────────────
Counter at 0x74148047D6bDf624C94eFc07F60cEE7b6052FB29


📝 Script Logs:
────────────────────────────────────────
  Registry: failed to load registry from .treb/registry.json

✓ Updated registry for anvil-31337 network in namespace default
✓ Script execution completed successfully


=== cmd 3: [list] ===
   ◎ namespace:   DEFAULT                       
└─ ⛓ chain:       31337                         
  
  SINGLETONS
  Counter     0x74148047D6bDf624C94eFc07F60cEE7b6052FB29   🅔 ? 🅢 ?         <TIMESTAMP>   

Total deployments: 1
