=== cmd 0: [list] ===
   ◎ namespace:   DEFAULT                       
├─ ⛓ chain:       anvil-31337 (31337)           
│ 
│ SINGLETONS
│ Counter     0x74148047D6bDf624C94eFc07F60cEE7b6052FB29   e[-] s[-] b[-]   <TIMESTAMP>   
│ 
└─ ⛓ chain:       anvil-31338 (31338)           
  
  SINGLETONS
  Counter     0x74148047D6bDf624C94eFc07F60cEE7b6052FB29   e[-] s[-] b[-]   <TIMESTAMP>   

Total deployments: 2
