=== cmd 0: [list --namespace production] ===
   ◎ namespace:   PRODUCTION                    
├─ ⛓ chain:       anvil-31337 (31337)           
│ 
│ SINGLETONS
│ Counter     0x9526cB2eC6e5b9E38b5A6949543417F84cc878d5   e[-] s[-] b[-]   <TIMESTAMP>   
│ 
└─ ⛓ chain:       anvil-31338 (31338)           
  
  SINGLETONS
  Counter     0x9526cB2eC6e5b9E38b5A6949543417F84cc878d5   e[-] s[-] b[-]   <TIMESTAMP>   

Total deployments: 2


=== cmd 1: [list --namespace default] ===
   ◎ namespace:   DEFAULT                       
├─ ⛓ chain:       anvil-31337 (31337)           
│ 
│ SINGLETONS
│ Counter     0x74148047D6bDf624C94eFc07F60cEE7b6052FB29   e[-] s[-] b[-]   <TIMESTAMP>   
│ 
└─ ⛓ chain:       anvil-31338 (31338)           
  
  SINGLETONS
  Counter     0x74148047D6bDf624C94eFc07F60cEE7b6052FB29   e[-] s[-] b[-]   <TIMESTAMP>   

Total deployments: 2
