=== cmd 0: [gen deploy src/UpgradeableCounter.sol:UpgradeableCounter --proxy --proxy-contract lib/openzeppelin-contracts/contracts/proxy/ERC1967/ERC1967Proxy.sol:ERC1967Proxy] ===

✅ Generated deployment script: script/deploy/DeployUpgradeableCounterProxy.s.sol

This script will deploy both the implementation and proxy contracts.
Make sure to update the initializer parameters if needed.

To deploy, run:
  treb run script/deploy/DeployUpgradeableCounterProxy.s.sol --network <network>


=== cmd 1: [run script/deploy/DeployUpgradeableCounterProxy.s.sol] ===

🚀 Running Deployment Script
──────────────────────────────────────────────────
  Script:    DeployUpgradeableCounterProxy.s.sol
  Network:   anvil-31337
  Namespace: default
  Mode:      LIVE
──────────────────────────────────────────────────

🔄 Transactions:
──────────────────────────────────────────────────

executed  anvil → CreateX::deployCreate3(salt: 0xf39fd6e5..., initCode: 0x60806040...)
├─ create2(16 bytes)
│  └─ [return] 0xE38BB57A6D1Fb990963c7cAA4E21aa5E255f336F
├─ Create3ProxyContractCreation(newContract: 0xE38B...336F, salt: 0x16077564...)
├─ 0xE38BB57A...::0x60806040...
│  └─ 🚀 new UpgradeableCounter()
│     └─ [return] 0xD63F2d37AbB6c1A94A6Db9CadCbA622ac78D3903
└─ ContractCreation(newContract: UpgradeableCounter: [0xD63F2d...)
└─ Tx: 0x<HASH> | Block: 1 | Gas: 488602

executed  anvil → CreateX::deployCreate3(salt: 0xf39fd6e5..., initCode: 0x60806040...)
├─ create2(16 bytes)
│  └─ [return] 0xEAC2E4E3A77b6921254449528e07CFD17bC69946
├─ Create3ProxyContractCreation(newContract: 0xEAC2...9946, salt: 0xfcacfa41...)
├─ 0xEAC2E4E3...::0x60806040...
│  └─ 🚀 new ERC1967Proxy(
│     │    implementation: 0xD63F2d37AbB6c1A94A6Db9CadCbA622ac78D3903,
│     │    _data: 0xc4d66de8000000000000000000000000...(36 bytes)
│     │  )
│     ├─ Upgraded(implementation: UpgradeableCounter: [0xD63F2d...)
│     ├─ UpgradeableCounter::initialize(0x0000...0000) (delegate)
│     └─ [return] 0xdb5442C7676A9A55e9Ad79fde9a5cfB28bbdD6ec
└─ ContractCreation(newContract: ERC1967Proxy: [0xdb5442C7676A...)
└─ Tx: 0x<HASH> | Block: 2 | Gas: 219307

📦 Deployment Summary:
──────────────────────────────────────────────────
UpgradeableCounter at 0xD63F2d37AbB6c1A94A6Db9CadCbA622ac78D3903
ERC1967Proxy[UpgradeableCounter] at 0xdb5442C7676A9A55e9Ad79fde9a5cfB28bbdD6ec


📝 Script Logs:
────────────────────────────────────────
  Registry: failed to load registry from .treb/registry.json

✓ Updated registry for anvil-31337 network in namespace default
✓ Script execution completed successfully
Warning: Could not check treb-sol version: failed to get current commit: failed to get submodule status: exit status 1


=== cmd 2: [list] ===
   ◎ namespace:   DEFAULT                       
└─ ⛓ chain:       31337                         
  
  PROXIES
  ERC1967Proxy:UpgradeableCounter     0xdb5442C7676A9A55e9Ad79fde9a5cfB28bbdD6ec   🅔 ? 🅢 ?         <TIMESTAMP>   
  └─ UpgradeableCounter               0xD63F2d37AbB6c1A94A6Db9CadCbA622ac78D3903                                         
  
  SINGLETONS
  UpgradeableCounter                  0xD63F2d37AbB6c1A94A6Db9CadCbA622ac78D3903   🅔 ? 🅢 ?         <TIMESTAMP>   

Total deployments: 2


=== cmd 3: [show UpgradeableCounter] ===
Deployment: default/31337/UpgradeableCounter
================================================================================

Basic Information:
  Contract: UpgradeableCounter
  Address: 0xD63F2d37AbB6c1A94A6Db9CadCbA622ac78D3903
  Type: SINGLETON
  Namespace: default
  Network: anvil-31337 (chain ID: 31337)

Deployment Strategy:
  Method: CREATE3
  Factory: 0xba5Ed099633D3B313e4D5F7bdc1305d3c28ba5Ed
  Salt: 0xf39fd6e51aad88f6f4ce6ab8827279cfffb92266008d9e2c117c70323e10888e
  Entropy: default/src/UpgradeableCounter.sol:UpgradeableCounter
  Init Code Hash: 0x<HASH>

Artifact Information:
  Path: src/UpgradeableCounter.sol
  Compiler: 0.8.30+commit.73712a01
  Bytecode Hash: 0x<HASH>
  Script: script/deploy/DeployUpgradeableCounterProxy.s.sol
  Git Commit: <GIT_COMMIT>

Verification Status:
  Status: UNVERIFIED

Transaction Information:
  Hash: 0x<HASH>
  Status: EXECUTED
  Sender: 0xf39Fd6e51aad88F6F4ce6aB8827279cffFb92266
  Block: 1

Timestamps:
  Created: <TIMESTAMP>
  Updated: <TIMESTAMP>
