   ◎ namespace:   DEFAULT                       
└─ ⛓ chain:       31337                         
  
  SINGLETONS
  Counter     0x<ADDRESS>   🅔 ? 🅢 ?         <TIMESTAMP>   

   ◎ namespace:   PRODUCTION                    
└─ ⛓ chain:       31337                         
  
  SINGLETONS
  Counter     0x<ADDRESS>   🅔 ? 🅢 ?         <TIMESTAMP>   

Total deployments: 2
