Deployment: production/31337/Counter
================================================================================

Basic Information:
  Contract: Counter
  Address: 0x9526cB2eC6e5b9E38b5A6949543417F84cc878d5
  Type: SINGLETON
  Namespace: production
  Network: anvil0 (chain ID: 31337)

Deployment Strategy:
  Method: CREATE3
  Factory: 0xba5Ed099633D3B313e4D5F7bdc1305d3c28ba5Ed
  Salt: 0xf39fd6e51aad88f6f4ce6ab8827279cfffb9226600d535a44479bfecd16a9d09
  Entropy: production/src/Counter.sol:Counter
  Init Code Hash: 0x08a5436bd777e2be2f71818290bca133b07337ca4da3daa5f22f428059b00ca6

Artifact Information:
  Path: src/Counter.sol
  Compiler: 0.8.30+commit.73712a01
  Bytecode Hash: 0x08a5436bd777e2be2f71818290bca133b07337ca4da3daa5f22f428059b00ca6
  Script: script/deploy/DeployCounter.s.sol
  Git Commit: 6a2e70eb854f6aaeaccfd4de3b81556cd372a124

Verification Status:
  Status: UNVERIFIED

Transaction Information:
  Hash: 0x83badc47dc1e9d7fb9993dc754618a0893ac0d978e72fa738b69e8207a3bce36
  Status: EXECUTED
  Sender: 0xf39Fd6e51aad88F6F4ce6aB8827279cffFb92266
  Block: 2

Timestamps:
  Created: <TIMESTAMP>
  Updated: <TIMESTAMP>
