=== cmd 0: [list] ===
   ◎ namespace:   DEFAULT                       
└─ ⛓ chain:       31337                         
  
  SINGLETONS
  UpgradeableCounter     0xD63F2d37AbB6c1A94A6Db9CadCbA622ac78D3903   🅔 ? 🅢 ?         <TIMESTAMP>   
  StringUtils            0x8759D6E3523Ee1c76E6642103d87d09A164EFe23   🅔 ? 🅢 ?         <TIMESTAMP>   
  SampleToken            0x793f69C1702a0E900a142D8575E44F9E4DA86fFf   🅔 ? 🅢 ?         <TIMESTAMP>   
  Counter                0x74148047D6bDf624C94eFc07F60cEE7b6052FB29   🅔 ? 🅢 ?         <TIMESTAMP>   

Total deployments: 4
