{
  "production/31337/Counter": {
    "id": "production/31337/Counter",
    "namespace": "production",
    "chainId": 31337,
    "contractName": "Counter",
    "label": "",
    "address": "0x9526cB2eC6e5b9E38b5A6949543417F84cc878d5",
    "type": "SINGLETON",
    "transactionId": "tx-<ID>",
    "deploymentStrategy": {
      "method": "CREATE3",
      "salt": "0xf39fd6e51aad88f6f4ce6ab8827279cfffb9226600d535a44479bfecd16a9d09",
      "initCodeHash": "0xbfef1fac43b3d9f8fd8aea430f7f1251ad57abc23e6ef75dd3d3a4ec76463530",
      "factory": "0xba5Ed099633D3B313e4D5F7bdc1305d3c28ba5Ed",
      "constructorArgs": "0x",
      "entropy": "production/src/Counter.sol:Counter"
    },
    "proxyInfo": null,
    "artifact": {
      "path": "src/Counter.sol",
      "compilerVersion": "0.8.30+commit.73712a01",
      "bytecodeHash": "0xbfef1fac43b3d9f8fd8aea430f7f1251ad57abc23e6ef75dd3d3a4ec76463530",
      "scriptPath": "script/deploy/DeployCounter.s.sol",
      "gitCommit": ""
    },
    "verification": {
      "status": "UNVERIFIED"
    },
    "tags": [
      "v<VERSION>"
    ],
    "createdAt": "<TIMESTAMP>",
    "updatedAt": "<TIMESTAMP>"
  },
  "production/31338/Counter": {
    "id": "production/31338/Counter",
    "namespace": "production",
    "chainId": 31338,
    "contractName": "Counter",
    "label": "",
    "address": "0x9526cB2eC6e5b9E38b5A6949543417F84cc878d5",
    "type": "SINGLETON",
    "transactionId": "tx-<ID>",
    "deploymentStrategy": {
      "method": "CREATE3",
      "salt": "0xf39fd6e51aad88f6f4ce6ab8827279cfffb9226600d535a44479bfecd16a9d09",
      "initCodeHash": "0xbfef1fac43b3d9f8fd8aea430f7f1251ad57abc23e6ef75dd3d3a4ec76463530",
      "factory": "0xba5Ed099633D3B313e4D5F7bdc1305d3c28ba5Ed",
      "constructorArgs": "0x",
      "entropy": "production/src/Counter.sol:Counter"
    },
    "proxyInfo": null,
    "artifact": {
      "path": "src/Counter.sol",
      "compilerVersion": "0.8.30+commit.73712a01",
      "bytecodeHash": "0xbfef1fac43b3d9f8fd8aea430f7f1251ad57abc23e6ef75dd3d3a4ec76463530",
      "scriptPath": "script/deploy/DeployCounter.s.sol",
      "gitCommit": ""
    },
    "verification": {
      "status": "UNVERIFIED"
    },
    "tags": null,
    "createdAt": "<TIMESTAMP>",
    "updatedAt": "<TIMESTAMP>"
  }
}
