=== cmd 0: [sync --namespace production] ===
Error: unknown flag: --namespace
Usage:
  treb sync [flags]

Flags:
      --clean   Remove invalid entries while syncing
      --debug   Show debug information during sync
  -h, --help    help for sync

Global Flags:
      --non-interactive   Disable interactive prompts
