{
  "default/31337/UpgradeableCounter": {
    "id": "default/31337/UpgradeableCounter",
    "namespace": "default",
    "chainId": 31337,
    "contractName": "UpgradeableCounter",
    "label": "",
    "address": "0xD63F2d37AbB6c1A94A6Db9CadCbA622ac78D3903",
    "type": "SINGLETON",
    "transactionId": "tx-<ID>",
    "deploymentStrategy": {
      "method": "CREATE3",
      "salt": "0xf39fd6e51aad88f6f4ce6ab8827279cfffb92266008d9e2c117c70323e10888e",
      "initCodeHash": "0x9ee6cc9070c62d888123447d58c5c7ac53645ee0666c524ea180907a27a4504b",
      "factory": "0xba5Ed099633D3B313e4D5F7bdc1305d3c28ba5Ed",
      "constructorArgs": "0x",
      "entropy": "default/src/UpgradeableCounter.sol:UpgradeableCounter"
    },
    "proxyInfo": null,
    "artifact": {
      "path": "src/UpgradeableCounter.sol",
      "compilerVersion": "0.8.30+commit.73712a01",
      "bytecodeHash": "0x9ee6cc9070c62d888123447d58c5c7ac53645ee0666c524ea180907a27a4504b",
      "scriptPath": "script/deploy/DeployUpgradeableCounter.s.sol",
      "gitCommit": ""
    },
    "verification": {
      "status": "UNVERIFIED"
    },
    "tags": null,
    "createdAt": "<TIMESTAMP>+03:00",
    "updatedAt": "<TIMESTAMP>+03:00"
  }
}
