=== cmd 0: [compose --help] ===
Execute multiple deployment scripts in dependency order based on a YAML configuration file.

The composes file defines components, their deployment scripts, dependencies, and environment variables.
Treb will build a dependency graph and execute scripts in the correct order.

Example compose file (protocol.yaml):
  group: Mento Protocol
  components:
    Broker:
      script: DeployBroker
    Tokens:
      script: DeployTokens
      deps: 
        - Broker
    Reserve:
      script: DeployReserve
      deps: 
        - Tokens
      env:
        INITIAL_BALANCE: "1000000"
    SortedOracles:
      script: DeploySortedOracles
      deps:
        - Reserve

This will execute: Broker → Tokens → Reserve → SortedOracles

Usage:
  treb compose <compose-file> [flags]

Examples:
  # Execute orchestration from YAML file
  treb compose deploy.yaml

  # Execute with specific network and dry run
  treb compose deploy.yaml --network sepolia --dry-run

  # Execute with debug output
  treb compose deploy.yaml --debug --verbose

Flags:
      --debug              Enable debug mode (shows forge output and saves to file)
      --debug-json         Enable JSON debug mode (shows raw JSON output)
      --dry-run            Perform a dry run without broadcasting transactions
  -h, --help               help for compose
  -s, --namespace string   Deployment namespace (default, staging, production) [also sets foundry profile]
  -n, --network string     Network to deploy to (local, sepolia, mainnet, etc.)
      --non-interactive    Disable interactive prompts (always non-interactive for orchestration)
      --profile string     Foundry profile to use (overrides namespace-based profile)
      --resume             Resume from a previous failed or interrupted compose run
      --slow               Run forge with --slow
  -v, --verbose            Show extra detailed information for events and transactions
