=== cmd 0: [config set namespace production] ===
✅ Set namespace to: production
📁 config saved to: .treb/config.local.json


=== cmd 1: [config set network polygon] ===
✅ Set network to: polygon
📁 config saved to: .treb/config.local.json


=== cmd 2: [config] ===
📋 Current config:
Namespace: production
Network:   polygon
📁 config file: .treb/config.local.json
