🌐 Available Networks:

  ✅ anvil - Chain ID: 31337
  ✅ celo - Chain ID: 42220
  ✅ celo-alfajores - Chain ID: 44787
  ✅ mainnet - Chain ID: 1
  ✅ polygon - Chain ID: 137
  ❌ sepolia - Error: failed to fetch chain ID for network sepolia: failed to parse JSON response: invalid character 'i' looking for beginning of value
