=== cmd 0: [show NonExistentContract] ===
Error: failed to resolve deployment: not found
Usage:
  treb show <deployment> [flags]

Flags:
  -h, --help               help for show
      --namespace string   Namespace to use for deployment lookup
      --network string     Network to use for deployment lookup
      --no-fork            Skip fork-added deployments (only show pre-fork deployments)

Global Flags:
      --non-interactive   Disable interactive prompts
