  (
  	"""
  	=== cmd 0: [init] ===
  	✅ Valid Foundry project detected
  	✅ treb-sol library found
- 	📋 Registry files already exist in .treb/
- 	📝 .env.example already exists
+ 	✅ Registry files already exist in .treb/
+ 	✅ .env.example already exists
  	
- 	🎉 treb initialized successfully!
+ 	⚠️  treb was already initialized in this project
  	
  	📋 Next steps:
  	... // 21 identical lines
  	"""
  )
