=== cmd 0: [config set namespace staging] ===
✅ Set namespace to: staging
📁 config saved to: .treb/config.local.json


=== cmd 1: [config set network polygon] ===
✅ Set network to: polygon
📁 config saved to: .treb/config.local.json


=== cmd 2: [config] ===
📋 Current config:
Namespace: staging
Network:   polygon

📦 Config source: treb.toml
📁 config file: .treb/config.local.json
