  strings.Join({
  	"=== cmd 0: [gen deploy src/Counter.sol:Counter --strategy CREATE] ===",
- 	"Error: invalid strategy: CREATE (must be CREATE2 or CREATE3)",
+ 	"Error: invalid deployment strategy: CREATE (valid: CREATE2, CREATE3)",
  	"Usage:",
  	"  treb gen deploy <artifact> [flags]",
  	... // 7 identical lines
  	"",
  	"Global Flags:",
- 	"  -s, --namespace string   Namespace to use (defaults to current context namespace)",
- 	"      --non-interactive    Disable interactive prompts",
+ 	"      --non-interactive   Disable interactive prompts",
  	"",
  }, "\n")
