{
  "default/31337/Counter:test": {
    "id": "default/31337/Counter:test",
    "namespace": "default",
    "chainId": 31337,
    "contractName": "Counter",
    "label": "test",
    "address": "0x90cb4109a5a6E383d5135c5c68c8e723F1d96955",
    "type": "SINGLETON",
    "transactionId": "tx-<ID>",
    "deploymentStrategy": {
      "method": "CREATE3",
      "salt": "0xf39fd6e51aad88f6f4ce6ab8827279cfffb92266007219dcf7fcf03cf92c8b65",
      "initCodeHash": "0xbfef1fac43b3d9f8fd8aea430f7f1251ad57abc23e6ef75dd3d3a4ec76463530",
      "factory": "0xba5Ed099633D3B313e4D5F7bdc1305d3c28ba5Ed",
      "constructorArgs": "0x",
      "entropy": "default/src/Counter.sol:Counter:test"
    },
    "proxyInfo": null,
    "artifact": {
      "path": "src/Counter.sol",
      "compilerVersion": "0.8.30+commit.73712a01",
      "bytecodeHash": "0xbfef1fac43b3d9f8fd8aea430f7f1251ad57abc23e6ef75dd3d3a4ec76463530",
      "scriptPath": "script/deploy/DeployCounter.s.sol",
      "gitCommit": ""
    },
    "verification": {
      "status": "UNVERIFIED"
    },
    "tags": null,
    "createdAt": "<TIMESTAMP>",
    "updatedAt": "<TIMESTAMP>"
  }
}
