=== cmd 0: [run script/deploy/DeployTestWithNewLib.s.sol] ===

🚀 Running Deployment Script
──────────────────────────────────────────────────
  Script:    DeployTestWithNewLib
  Network:   anvil-31337 (31337)
  Namespace: default
  Mode:      LIVE
  Senders:   [anvil]
──────────────────────────────────────────────────

📝 Forge Output:
──────────────────────────────────────────────────
Error: script failed: BytecodeMissing("src/TestWithNewLib.sol:TestWithNewLib")
──────────────────────────────────────────────────
Error: script execution failed
